// Jest Snapshot v1, https://goo.gl/fbAQLP

exports[`render the Blocks region named 'test' with two registered blocks 1`] = `<DocumentFragment />`;
